
===== fra-728.jpg =====
Image dimensions: (2500, 4000)

Overall Score: 98/100

===== Assessment Report =====

General
• Faces detected: 2.
• Both eyes open: 2 / 2.
• Sharpness: Excellent.
• Contrast: Excellent.
• Lighting: Balanced.
• Colours: natural.
• White Balance: warm.

Strengths
✓ Excellent sharpness.
✓ Excellent contrast.
✓ Balanced lighting.
✓ Natural colours.
✓ All subjects have eyes open.

Problems
No major problems detected.

Suggestions
No recommendations.

Verdict: Excellent


========== END OF SIMPLIFIED REPORT ==========


======== SUMMARY ===========
• The image is technically strong.
• Details are crisp and well defined.
• Exposure is well balanced.
• Noise is well controlled.
• All detected subjects have their eyes open.

===== fra-728.jpg =====
Image dimensions: (2500, 4000)

Overall Score: 98/100

===== Assessment Report =====

General
• Faces detected: 2.
• Both eyes open: 2 / 2.
• Sharpness: Excellent.
• Contrast: Excellent.
• Lighting: Balanced.
• Colours: natural.
• White Balance: warm.

Strengths
✓ Excellent sharpness.
✓ Excellent contrast.
✓ Balanced lighting.
✓ Natural colours.
✓ All subjects have eyes open.

Problems
No major problems detected.

Suggestions
No recommendations.

Verdict: Excellent


========== END OF SIMPLIFIED REPORT ==========


======== SUMMARY ===========
• The image is technically strong.
• Details are crisp and well defined.
• Exposure is well balanced.
• Noise is well controlled.
• All detected subjects have their eyes open.


===== 2-4.jpg =====
Image dimensions: (1830, 2601)

Overall Score: 83/100

===== Assessment Report =====

General
• Faces detected: 0.
• Both eyes open: 0 / 0.
• Sharpness: Excellent.
• Contrast: Fair.
• Lighting: Balanced.
• Colours: vivid.
• White Balance: cool.

Strengths
✓ Excellent sharpness.
✓ Balanced lighting.

Problems
⚠ High image noise detected.
⚠ Low contrast detected.

Suggestions
• Use a lower ISO or increase available light.
• Increase scene lighting or photograph under better lighting conditions.

Verdict: Good


========== END OF SIMPLIFIED REPORT ==========


======== SUMMARY ===========
• The image has acceptable technical quality.
• Details are crisp and well defined.
• Exposure is well balanced.
• Noticeable image noise reduces image quality.
• No people were detected in the scene.

===== 2.jpg =====
Image dimensions: (4608, 3456)

Overall Score: 94/100

===== Assessment Report =====

General
• Faces detected: 1.
• Both eyes open: 1 / 1.
• Sharpness: Good.
• Contrast: Excellent.
• Lighting: Balanced.
• Colours: natural.
• White Balance: natural.

Strengths
✓ Excellent contrast.
✓ Balanced lighting.
✓ Natural colours.
✓ Balanced temperature.
✓ All subjects have eyes open.

Problems
No major problems detected.

Suggestions
No recommendations.

Verdict: Excellent


========== END OF SIMPLIFIED REPORT ==========


======== SUMMARY ===========
• The image is technically strong.
• The image appears sharp.
• Exposure is well balanced.
• Noise is well controlled.
• All detected subjects have their eyes open.

===== a.webp =====
Image dimensions: (512, 768)

Overall Score: 86/100

===== Assessment Report =====

General
• Faces detected: 3.
• Both eyes open: 1 / 3.
• Both eyes closed: 1/3.
• Eye state undecided (needs review): 1/3.
• Sharpness: Excellent.
• Contrast: Good.
• Lighting: Balanced.
• Colours: vivid.
• White Balance: natural.

Strengths
✓ Excellent sharpness.
✓ Good contrast.
✓ Balanced lighting.
✓ Balanced temperature.

Problems
⚠ High image noise detected.
⚠ 1 subject(s) have both closed eyes.
⚠ 1/3 eyes not able to be detected.

Suggestions
• Use a lower ISO or increase available light.
• Capture another frame with all subjects' eyes open
• Capture another frame with all subjects' eyes visible and clear.

Verdict: Good


========== END OF SIMPLIFIED REPORT ==========


======== SUMMARY ===========
• The image has good overall technical quality.
• Details are crisp and well defined.
• Exposure is well balanced.
• Noticeable image noise reduces image quality.
• 1 subject(s) have closed eyes/eyes that cannot be detected/eye analysis skipped.


===== airshow-15.jpg =====
Image dimensions: (2500, 4000)

Overall Score: 63/100

===== Assessment Report =====

General
• Faces detected: 0.
• Both eyes open: 0 / 0.
• Sharpness: Very Poor.
• Contrast: Fair.
• Lighting: Balanced.
• Colours: natural.
• White Balance: cool.

Strengths
✓ Balanced lighting.
✓ Natural colours.

Problems
⚠ Low contrast detected.

Suggestions
• Increase scene lighting or photograph under better lighting conditions.

Verdict: Fair


========== END OF SIMPLIFIED REPORT ==========


======== SUMMARY ===========
• The image has acceptable technical quality.
• The image lacks sufficient sharpness.
• Exposure is well balanced.
• Noise is well controlled.
• No people were detected in the scene.


===== airshow-2.jpg =====
Image dimensions: (2500, 4000)

Overall Score: 48/100

===== Assessment Report =====

General
• Faces detected: 0.
• Both eyes open: 0 / 0.
• Sharpness: Very Poor.
• Contrast: Very Poor.
• Lighting: Balanced.
• Colours: natural.
• White Balance: cool.

Strengths
✓ Balanced lighting.
✓ Natural colours.

Problems
⚠ Low brightness detected.
⚠ Low contrast detected.

Suggestions
• Use a higher aperture or increase available light.
• Increase scene lighting or photograph under better lighting conditions.

Verdict: Poor


========== END OF SIMPLIFIED REPORT ==========


======== SUMMARY ===========
• The image has several technical quality issues.
• The image lacks sufficient sharpness.
• Exposure is usable but could be improved.
• Noise is well controlled.
• No people were detected in the scene.

===== Anson_photo_1.jpg =====
Image dimensions: (912, 1368)

Overall Score: 87/100

===== Assessment Report =====

General
• Faces detected: 3.
• Both eyes open: 2 / 3.
• Both eyes closed: 1/3.
• Sharpness: Fair.
• Contrast: Good.
• Lighting: Balanced.
• Colours: vivid.
• White Balance: natural.

Strengths
✓ Good contrast.
✓ Balanced lighting.
✓ Balanced temperature.

Problems
⚠ 1 subject(s) have both closed eyes.

Suggestions
• Capture another frame with all subjects' eyes open

Verdict: Good


========== END OF SIMPLIFIED REPORT ==========


======== SUMMARY ===========
• The image has good overall technical quality.
• Sharpness is acceptable.
• Exposure is well balanced.
• Noise is well controlled.
• 1 subject(s) have closed eyes/eyes that cannot be detected/eye analysis skipped.

===== Anson_photo_4_revised.jpg =====
Image dimensions: (1368, 912)

Overall Score: 80/100

===== Assessment Report =====

General
• Faces detected: 1.
• Both eyes open: 0 / 1.
• One eye closed: 1/1.
• Sharpness: Poor.
• Contrast: Excellent.
• Lighting: Balanced.
• Colours: natural.
• White Balance: warm.

Strengths
✓ Excellent contrast.
✓ Balanced lighting.
✓ Natural colours.

Problems
⚠ 1/1 subjects have 1 eye closed.

Suggestions
• Capture another frame with all subjects' eyes open

Verdict: Good


========== END OF SIMPLIFIED REPORT ==========


======== SUMMARY ===========
• The image has good overall technical quality.
• The image lacks sufficient sharpness.
• Exposure is well balanced.
• Noise is well controlled.
• 1 subject(s) have closed eyes/eyes that cannot be detected/eye analysis skipped.

===== b3.jpg =====
Image dimensions: (2666, 4000)

Overall Score: 80/100

===== Assessment Report =====

General
• Faces detected: 1.
• Both eyes open: 1 / 1.
• Sharpness: Poor.
• Contrast: Excellent.
• Lighting: Balanced.
• Colours: vivid.
• White Balance: warm.

Strengths
✓ Excellent contrast.
✓ Balanced lighting.
✓ All subjects have eyes open.

Problems
No major problems detected.

Suggestions
No recommendations.

Verdict: Good


========== END OF SIMPLIFIED REPORT ==========


======== SUMMARY ===========
• The image has good overall technical quality.
• The image lacks sufficient sharpness.
• Exposure is well balanced.
• Noise is well controlled.
• All detected subjects have their eyes open.

===== b32.jpg =====
Image dimensions: (2666, 4000)

Overall Score: 80/100

===== Assessment Report =====

General
• Faces detected: 1.
• Both eyes open: 1 / 1.
• Sharpness: Poor.
• Contrast: Excellent.
• Lighting: Balanced.
• Colours: natural.
• White Balance: warm.

Strengths
✓ Excellent contrast.
✓ Balanced lighting.
✓ Natural colours.
✓ All subjects have eyes open.

Problems
No major problems detected.

Suggestions
No recommendations.

Verdict: Good


========== END OF SIMPLIFIED REPORT ==========


======== SUMMARY ===========
• The image has good overall technical quality.
• The image lacks sufficient sharpness.
• Exposure is well balanced.
• Noise is well controlled.
• All detected subjects have their eyes open.

===== b3b.jpg =====
Image dimensions: (2666, 4000)

Overall Score: 76/100

===== Assessment Report =====

General
• Faces detected: 1.
• Both eyes open: 1 / 1.
• Sharpness: Poor.
• Contrast: Excellent.
• Lighting: Too Dark.
• Colours: vivid.
• White Balance: warm.

Strengths
✓ Excellent contrast.
✓ All subjects have eyes open.

Problems
⚠ Low brightness detected.

Suggestions
• Use a higher aperture or increase available light.

Verdict: Good


========== END OF SIMPLIFIED REPORT ==========


======== SUMMARY ===========
• The image has acceptable technical quality.
• The image lacks sufficient sharpness.
• Exposure is usable but could be improved.
• Noise is well controlled.
• All detected subjects have their eyes open.

===== can-4.jpg =====
Image dimensions: (6000, 4000)

Overall Score: 90/100

===== Assessment Report =====

General
• Faces detected: 1.
• Both eyes open: 0 / 1.
• One eye closed: 1/1.
• Sharpness: Excellent.
• Contrast: Good.
• Lighting: Balanced.
• Colours: natural.
• White Balance: cool.

Strengths
✓ Excellent sharpness.
✓ Good contrast.
✓ Balanced lighting.
✓ Natural colours.

Problems
⚠ Low brightness detected.
⚠ 1/1 subjects have 1 eye closed.

Suggestions
• Use a higher aperture or increase available light.
• Capture another frame with all subjects' eyes open

Verdict: Excellent


========== END OF SIMPLIFIED REPORT ==========


======== SUMMARY ===========
• The image has good overall technical quality.
• Details are crisp and well defined.
• Exposure is usable but could be improved.
• Noise is well controlled.
• 1 subject(s) have closed eyes/eyes that cannot be detected/eye analysis skipped.

===== can-7.jpg =====
Image dimensions: (5063, 3375)

Overall Score: 71/100

===== Assessment Report =====

General
• Faces detected: 4.
• Both eyes open: 3 / 4.
• One eye closed: 1/4.
• Sharpness: Poor.
• Contrast: Fair.
• Lighting: Too Dark.
• Colours: natural.
• White Balance: warm.

Strengths
✓ Natural colours.

Problems
⚠ Low brightness detected.
⚠ Low contrast detected.
⚠ 1/4 subjects have 1 eye closed.

Suggestions
• Use a higher aperture or increase available light.
• Increase scene lighting or photograph under better lighting conditions.
• Capture another frame with all subjects' eyes open

Verdict: Fair


========== END OF SIMPLIFIED REPORT ==========


======== SUMMARY ===========
• The image has several technical quality issues.
• The image lacks sufficient sharpness.
• Exposure is usable but could be improved.
• Noise is well controlled.
• 1 subject(s) have closed eyes/eyes that cannot be detected/eye analysis skipped.

===== can-8.jpg =====
Image dimensions: (2699, 4000)

Overall Score: 91/100

===== Assessment Report =====

General
• Faces detected: 29.
• Both eyes open: 27 / 29.
• Eye state undecided (needs review): 2/29.
• Sharpness: Excellent.
• Contrast: Good.
• Lighting: Too Dark.
• Colours: natural.
• White Balance: natural.

Strengths
✓ Excellent sharpness.
✓ Good contrast.
✓ Natural colours.
✓ Balanced temperature.

Problems
⚠ Low brightness detected.
⚠ 2/29 eyes not able to be detected.

Suggestions
• Use a higher aperture or increase available light.
• Capture another frame with all subjects' eyes visible and clear.

Verdict: Excellent


========== END OF SIMPLIFIED REPORT ==========


======== SUMMARY ===========
• The image has good overall technical quality.
• Details are crisp and well defined.
• Exposure is usable but could be improved.
• Noise is well controlled.
• 0 subject(s) have closed eyes/eyes that cannot be detected/eye analysis skipped.

===== can-9.jpg =====
Image dimensions: (2666, 4000)

Overall Score: 78/100

===== Assessment Report =====

General
• Faces detected: 3.
• Both eyes open: 1 / 3.
• One eye closed: 1/3.
• Eye state undecided (needs review): 1/3.
• Sharpness: Poor.
• Contrast: Good.
• Lighting: Balanced.
• Colours: natural.
• White Balance: natural.

Strengths
✓ Good contrast.
✓ Balanced lighting.
✓ Natural colours.
✓ Balanced temperature.

Problems
⚠ 1/3 subjects have 1 eye closed.
⚠ 1/3 eyes not able to be detected.

Suggestions
• Capture another frame with all subjects' eyes open
• Capture another frame with all subjects' eyes visible and clear.

Verdict: Good


========== END OF SIMPLIFIED REPORT ==========


======== SUMMARY ===========
• The image has good overall technical quality.
• The image lacks sufficient sharpness.
• Exposure is well balanced.
• Noise is well controlled.
• 1 subject(s) have closed eyes/eyes that cannot be detected/eye analysis skipped.

===== can.jpg =====
Image dimensions: (2666, 4000)

Overall Score: 74/100

===== Assessment Report =====

General
• Faces detected: 1.
• Both eyes open: 1 / 1.
• Sharpness: Poor.
• Contrast: Excellent.
• Lighting: Too Bright.
• Colours: low.
• White Balance: natural.

Strengths
✓ Excellent contrast.
✓ Balanced temperature.
✓ All subjects have eyes open.

Problems
No major problems detected.

Suggestions
No recommendations.

Verdict: Fair


========== END OF SIMPLIFIED REPORT ==========


======== SUMMARY ===========
• The image has good overall technical quality.
• The image lacks sufficient sharpness.
• Exposure is generally well balanced.
• Noise is well controlled.
• All detected subjects have their eyes open.

===== download.webp =====
Image dimensions: (271, 408)

Overall Score: 93/100

===== Assessment Report =====

General
• Faces detected: 5.
• Both eyes open: 0 / 5.
• Both eyes closed: 5/5.
• Sharpness: Excellent.
• Contrast: Fair.
• Lighting: Balanced.
• Colours: natural.
• White Balance: natural.

Strengths
✓ Excellent sharpness.
✓ Balanced lighting.
✓ Natural colours.
✓ Balanced temperature.

Problems
⚠ Low contrast detected.
⚠ 5 subject(s) have both closed eyes.

Suggestions
• Increase scene lighting or photograph under better lighting conditions.
• Capture another frame with all subjects' eyes open

Verdict: Excellent


========== END OF SIMPLIFIED REPORT ==========


======== SUMMARY ===========
• The image has good overall technical quality.
• Details are crisp and well defined.
• Exposure is well balanced.
• Noise is well controlled.
• 5 subject(s) have closed eyes/eyes that cannot be detected/eye analysis skipped.

===== DSC01573-2.jpg =====
Image dimensions: (1080, 1616)

Overall Score: 91/100

===== Assessment Report =====

General
• Faces detected: 2.
• Both eyes open: 2 / 2.
• Sharpness: Good.
• Contrast: Excellent.
• Lighting: Balanced.
• Colours: low.
• White Balance: natural.

Strengths
✓ Excellent contrast.
✓ Balanced lighting.
✓ Balanced temperature.
✓ All subjects have eyes open.

Problems
No major problems detected.

Suggestions
No recommendations.

Verdict: Excellent


========== END OF SIMPLIFIED REPORT ==========


======== SUMMARY ===========
• The image is technically strong.
• The image appears sharp.
• Exposure is generally well balanced.
• Noise is well controlled.
• All detected subjects have their eyes open.

===== f1-101.jpg =====
Image dimensions: (2666, 4000)

Overall Score: 89/100

===== Assessment Report =====

General
• Faces detected: 5.
• Both eyes open: 4 / 5.
• One eye closed: 1/5.
• Sharpness: Excellent.
• Contrast: Excellent.
• Lighting: Too Dark.
• Colours: natural.
• White Balance: warm.

Strengths
✓ Excellent sharpness.
✓ Excellent contrast.
✓ Natural colours.

Problems
⚠ Low brightness detected.
⚠ 1/5 subjects have 1 eye closed.

Suggestions
• Use a higher aperture or increase available light.
• Capture another frame with all subjects' eyes open

Verdict: Good


========== END OF SIMPLIFIED REPORT ==========


======== SUMMARY ===========
• The image has good overall technical quality.
• Details are crisp and well defined.
• Exposure requires correction.
• Noise is well controlled.
• 1 subject(s) have closed eyes/eyes that cannot be detected/eye analysis skipped.

===== f1-22.jpg =====
Image dimensions: (6000, 4000)

Overall Score: 91/100

===== Assessment Report =====

General
• Faces detected: 1.
• Both eyes open: 1 / 1.
• Sharpness: Excellent.
• Contrast: Fair.
• Lighting: Balanced.
• Colours: natural.
• White Balance: warm.

Strengths
✓ Excellent sharpness.
✓ Balanced lighting.
✓ Natural colours.
✓ All subjects have eyes open.

Problems
⚠ Low contrast detected.

Suggestions
• Increase scene lighting or photograph under better lighting conditions.

Verdict: Excellent


========== END OF SIMPLIFIED REPORT ==========


======== SUMMARY ===========
• The image has good overall technical quality.
• Details are crisp and well defined.
• Exposure is well balanced.
• Noise is well controlled.
• All detected subjects have their eyes open.

===== f1-73.jpg =====
Image dimensions: (2354, 4000)

Overall Score: 87/100

===== Assessment Report =====

General
• Faces detected: 21.
• Both eyes open: 13 / 21.
• One eye closed: 3/21.
• Both eyes closed: 1/21.
• Eye state undecided (needs review): 4/21.
• Sharpness: Excellent.
• Contrast: Good.
• Lighting: Too Dark.
• Colours: natural.
• White Balance: natural.

Strengths
✓ Excellent sharpness.
✓ Good contrast.
✓ Natural colours.
✓ Balanced temperature.

Problems
⚠ Low brightness detected.
⚠ 1 subject(s) have both closed eyes.
⚠ 3/21 subjects have 1 eye closed.
⚠ 4/21 eyes not able to be detected.

Suggestions
• Use a higher aperture or increase available light.
• Capture another frame with all subjects' eyes open
• Capture another frame with all subjects' eyes open
• Capture another frame with all subjects' eyes visible and clear.

Verdict: Good


========== END OF SIMPLIFIED REPORT ==========


======== SUMMARY ===========
• The image has good overall technical quality.
• Details are crisp and well defined.
• Exposure requires correction.
• Noise is well controlled.
• 4 subject(s) have closed eyes/eyes that cannot be detected/eye analysis skipped.

===== fra-128.jpg =====
Image dimensions: (5326, 3329)

Overall Score: 89/100

===== Assessment Report =====

General
• Faces detected: 1.
• Both eyes open: 1 / 1.
• Sharpness: Good.
• Contrast: Fair.
• Lighting: Balanced.
• Colours: natural.
• White Balance: natural.

Strengths
✓ Balanced lighting.
✓ Natural colours.
✓ Balanced temperature.
✓ All subjects have eyes open.

Problems
⚠ Low contrast detected.

Suggestions
• Increase scene lighting or photograph under better lighting conditions.

Verdict: Good


========== END OF SIMPLIFIED REPORT ==========


======== SUMMARY ===========
• The image has good overall technical quality.
• The image appears sharp.
• Exposure is well balanced.
• Noise is well controlled.
• All detected subjects have their eyes open.

===== fra-154.jpg =====
Image dimensions: (4607, 2879)

Overall Score: 91/100

===== Assessment Report =====

General
• Faces detected: 4.
• Both eyes open: 1 / 4.
• One eye closed: 3/4.
• Sharpness: Excellent.
• Contrast: Good.
• Lighting: Too Dark.
• Colours: vivid.
• White Balance: natural.

Strengths
✓ Excellent sharpness.
✓ Good contrast.
✓ Balanced temperature.

Problems
⚠ Low brightness detected.
⚠ 3/4 subjects have 1 eye closed.

Suggestions
• Use a higher aperture or increase available light.
• Capture another frame with all subjects' eyes open

Verdict: Excellent


========== END OF SIMPLIFIED REPORT ==========


======== SUMMARY ===========
• The image has good overall technical quality.
• Details are crisp and well defined.
• Exposure is usable but could be improved.
• Noise is well controlled.
• 3 subject(s) have closed eyes/eyes that cannot be detected/eye analysis skipped.

===== fra-162.jpg =====
Image dimensions: (2666, 4000)

Overall Score: 94/100

===== Assessment Report =====

General
• Faces detected: 4.
• Both eyes open: 2 / 4.
• Both eyes closed: 1/4.
• Eye state undecided (needs review): 1/4.
• Sharpness: Excellent.
• Contrast: Excellent.
• Lighting: Balanced.
• Colours: natural.
• White Balance: natural.

Strengths
✓ Excellent sharpness.
✓ Excellent contrast.
✓ Balanced lighting.
✓ Natural colours.
✓ Balanced temperature.

Problems
⚠ High image noise detected.
⚠ 1 subject(s) have both closed eyes.
⚠ 1/4 eyes not able to be detected.

Suggestions
• Use a lower ISO or increase available light.
• Capture another frame with all subjects' eyes open
• Capture another frame with all subjects' eyes visible and clear.

Verdict: Excellent


========== END OF SIMPLIFIED REPORT ==========


======== SUMMARY ===========
• The image has good overall technical quality.
• Details are crisp and well defined.
• Exposure is well balanced.
• Some visible image noise is present.
• 1 subject(s) have closed eyes/eyes that cannot be detected/eye analysis skipped.

===== fra-166.jpg =====
Image dimensions: (6000, 4000)

Overall Score: 96/100

===== Assessment Report =====

General
• Faces detected: 1.
• Both eyes open: 1 / 1.
• Sharpness: Excellent.
• Contrast: Good.
• Lighting: Balanced.
• Colours: natural.
• White Balance: natural.

Strengths
✓ Excellent sharpness.
✓ Good contrast.
✓ Balanced lighting.
✓ Natural colours.
✓ Balanced temperature.
✓ All subjects have eyes open.

Problems
No major problems detected.

Suggestions
No recommendations.

Verdict: Excellent


========== END OF SIMPLIFIED REPORT ==========


======== SUMMARY ===========
• The image is technically strong.
• Details are crisp and well defined.
• Exposure is well balanced.
• Noise is well controlled.
• All detected subjects have their eyes open.


===== fra-250.jpg =====
Image dimensions: (2500, 4000)

Overall Score: 96/100

===== Assessment Report =====

General
• Faces detected: 0.
• Both eyes open: 0 / 0.
• Sharpness: Excellent.
• Contrast: Good.
• Lighting: Balanced.
• Colours: vivid.
• White Balance: cool.

Strengths
✓ Excellent sharpness.
✓ Good contrast.
✓ Balanced lighting.

Problems
No major problems detected.

Suggestions
No recommendations.

Verdict: Excellent


========== END OF SIMPLIFIED REPORT ==========


======== SUMMARY ===========
• The image is technically strong.
• Details are crisp and well defined.
• Exposure is well balanced.
• Noise is well controlled.
• No people were detected in the scene.

===== fra-281.jpg =====
Image dimensions: (5491, 3661)

Overall Score: 71/100

===== Assessment Report =====

General
• Faces detected: 1.
• Both eyes open: 0 / 1.
• One eye closed: 1/1.
• Sharpness: Poor.
• Contrast: Fair.
• Lighting: Too Dark.
• Colours: natural.
• White Balance: natural.

Strengths
✓ Natural colours.
✓ Balanced temperature.

Problems
⚠ Low brightness detected.
⚠ Low contrast detected.
⚠ 1/1 subjects have 1 eye closed.

Suggestions
• Use a higher aperture or increase available light.
• Increase scene lighting or photograph under better lighting conditions.
• Capture another frame with all subjects' eyes open

Verdict: Fair


========== END OF SIMPLIFIED REPORT ==========


======== SUMMARY ===========
• The image has several technical quality issues.
• The image lacks sufficient sharpness.
• Exposure is usable but could be improved.
• Noise is well controlled.
• 1 subject(s) have closed eyes/eyes that cannot be detected/eye analysis skipped.


===== fra-292.jpg =====
Image dimensions: (2500, 4000)

Overall Score: 92/100

===== Assessment Report =====

General
• Faces detected: 0.
• Both eyes open: 0 / 0.
• Sharpness: Excellent.
• Contrast: Good.
• Lighting: Balanced.
• Colours: natural.
• White Balance: natural.

Strengths
✓ Excellent sharpness.
✓ Good contrast.
✓ Balanced lighting.
✓ Natural colours.
✓ Balanced temperature.

Problems
⚠ High image noise detected.

Suggestions
• Use a lower ISO or increase available light.

Verdict: Excellent


========== END OF SIMPLIFIED REPORT ==========


======== SUMMARY ===========
• The image has good overall technical quality.
• Details are crisp and well defined.
• Exposure is well balanced.
• Some visible image noise is present.
• No people were detected in the scene.

===== fra-303.jpg =====
Image dimensions: (6000, 4000)

Overall Score: 92/100

===== Assessment Report =====

General
• Faces detected: 2.
• Both eyes open: 2 / 2.
• Sharpness: Excellent.
• Contrast: Excellent.
• Lighting: Balanced.
• Colours: vivid.
• White Balance: warm.

Strengths
✓ Excellent sharpness.
✓ Excellent contrast.
✓ Balanced lighting.
✓ All subjects have eyes open.

Problems
⚠ Low brightness detected.

Suggestions
• Use a higher aperture or increase available light.

Verdict: Excellent


========== END OF SIMPLIFIED REPORT ==========


======== SUMMARY ===========
• The image has good overall technical quality.
• Details are crisp and well defined.
• Exposure is usable but could be improved.
• Noise is well controlled.
• All detected subjects have their eyes open.

===== fra-347.jpg =====
Image dimensions: (6000, 4000)

Overall Score: 92/100

===== Assessment Report =====

General
• Faces detected: 1.
• Both eyes open: 0 / 1.
• Both eyes closed: 1/1.
• Sharpness: Good.
• Contrast: Good.
• Lighting: Balanced.
• Colours: natural.
• White Balance: natural.

Strengths
✓ Good contrast.
✓ Balanced lighting.
✓ Natural colours.
✓ Balanced temperature.

Problems
⚠ 1 subject(s) have both closed eyes.

Suggestions
• Capture another frame with all subjects' eyes open

Verdict: Excellent


========== END OF SIMPLIFIED REPORT ==========


======== SUMMARY ===========
• The image is technically strong.
• The image appears sharp.
• Exposure is well balanced.
• Noise is well controlled.
• 1 subject(s) have closed eyes/eyes that cannot be detected/eye analysis skipped.

===== fra-395.jpg =====
Image dimensions: (5218, 3479)

Overall Score: 96/100

===== Assessment Report =====

General
• Faces detected: 1.
• Both eyes open: 1 / 1.
• Sharpness: Excellent.
• Contrast: Excellent.
• Lighting: Balanced.
• Colours: natural.
• White Balance: warm.

Strengths
✓ Excellent sharpness.
✓ Excellent contrast.
✓ Balanced lighting.
✓ Natural colours.
✓ All subjects have eyes open.

Problems
No major problems detected.

Suggestions
No recommendations.

Verdict: Excellent


========== END OF SIMPLIFIED REPORT ==========


======== SUMMARY ===========
• The image is technically strong.
• Details are crisp and well defined.
• Exposure is well balanced.
• Noise is well controlled.
• All detected subjects have their eyes open.

===== fra-427.jpg =====
Image dimensions: (5877, 3918)

Overall Score: 78/100

===== Assessment Report =====

General
• Faces detected: 1.
• Both eyes open: 1 / 1.
• Sharpness: Poor.
• Contrast: Excellent.
• Lighting: Balanced.
• Colours: natural.
• White Balance: cool.

Strengths
✓ Excellent contrast.
✓ Balanced lighting.
✓ Natural colours.
✓ All subjects have eyes open.

Problems
No major problems detected.

Suggestions
No recommendations.

Verdict: Good


========== END OF SIMPLIFIED REPORT ==========


======== SUMMARY ===========
• The image has good overall technical quality.
• The image lacks sufficient sharpness.
• Exposure is well balanced.
• Noise is well controlled.
• All detected subjects have their eyes open.

===== fra-479.jpg =====
Image dimensions: (5316, 3544)

Overall Score: 94/100

===== Assessment Report =====

General
• Faces detected: 2.
• Both eyes open: 2 / 2.
• Sharpness: Good.
• Contrast: Excellent.
• Lighting: Balanced.
• Colours: natural.
• White Balance: cool.

Strengths
✓ Excellent contrast.
✓ Balanced lighting.
✓ Natural colours.
✓ All subjects have eyes open.

Problems
No major problems detected.

Suggestions
No recommendations.

Verdict: Excellent


========== END OF SIMPLIFIED REPORT ==========


======== SUMMARY ===========
• The image is technically strong.
• The image appears sharp.
• Exposure is well balanced.
• Noise is well controlled.
• All detected subjects have their eyes open.

===== fra-484.jpg =====
Image dimensions: (2500, 4000)

Overall Score: 89/100

===== Assessment Report =====

General
• Faces detected: 1.
• Both eyes open: 1 / 1.
• Sharpness: Good.
• Contrast: Fair.
• Lighting: Balanced.
• Colours: vivid.
• White Balance: cool.

Strengths
✓ Balanced lighting.
✓ All subjects have eyes open.

Problems
⚠ Low contrast detected.

Suggestions
• Increase scene lighting or photograph under better lighting conditions.

Verdict: Good


========== END OF SIMPLIFIED REPORT ==========


======== SUMMARY ===========
• The image has good overall technical quality.
• The image appears sharp.
• Exposure is well balanced.
• Noise is well controlled.
• All detected subjects have their eyes open.


===== fra-493.jpg =====
Image dimensions: (2666, 4000)

Overall Score: 70/100

===== Assessment Report =====

General
• Faces detected: 0.
• Both eyes open: 0 / 0.
• Sharpness: Good.
• Contrast: Good.
• Lighting: Balanced.
• Colours: low.
• White Balance: natural.

Strengths
✓ Good contrast.
✓ Balanced lighting.
✓ Balanced temperature.

Problems
⚠ High image noise detected.
⚠ Low brightness detected.

Suggestions
• Use a lower ISO or increase available light.
• Use a higher aperture or increase available light.

Verdict: Fair


========== END OF SIMPLIFIED REPORT ==========


======== SUMMARY ===========
• The image has acceptable technical quality.
• The image appears sharp.
• Exposure is usable but could be improved.
• Noticeable image noise reduces image quality.
• No people were detected in the scene.


===== fra-655.jpg =====
Image dimensions: (2500, 4000)

Overall Score: 89/100

===== Assessment Report =====

General
• Faces detected: 0.
• Both eyes open: 0 / 0.
• Sharpness: Excellent.
• Contrast: Excellent.
• Lighting: Balanced.
• Colours: vivid.
• White Balance: warm.

Strengths
✓ Excellent sharpness.
✓ Excellent contrast.
✓ Balanced lighting.

Problems
⚠ Low brightness detected.

Suggestions
• Use a higher aperture or increase available light.

Verdict: Good


========== END OF SIMPLIFIED REPORT ==========


======== SUMMARY ===========
• The image has good overall technical quality.
• Details are crisp and well defined.
• Exposure requires correction.
• Noise is well controlled.
• No people were detected in the scene.

===== fra-718.jpg =====
Image dimensions: (2499, 4000)

Overall Score: 78/100

===== Assessment Report =====

General
• Faces detected: 8.
• Both eyes open: 8 / 8.
• Sharpness: Poor.
• Contrast: Excellent.
• Lighting: Balanced.
• Colours: natural.
• White Balance: natural.

Strengths
✓ Excellent contrast.
✓ Balanced lighting.
✓ Natural colours.
✓ Balanced temperature.
✓ All subjects have eyes open.

Problems
No major problems detected.

Suggestions
No recommendations.

Verdict: Good


========== END OF SIMPLIFIED REPORT ==========


======== SUMMARY ===========
• The image has good overall technical quality.
• The image lacks sufficient sharpness.
• Exposure is well balanced.
• Noise is well controlled.
• All detected subjects have their eyes open.

===== fra-719.jpg =====
Image dimensions: (2499, 4000)

Overall Score: 74/100

===== Assessment Report =====

General
• Faces detected: 2.
• Both eyes open: 2 / 2.
• Sharpness: Poor.
• Contrast: Good.
• Lighting: Balanced.
• Colours: natural.
• White Balance: natural.

Strengths
✓ Good contrast.
✓ Balanced lighting.
✓ Natural colours.
✓ Balanced temperature.
✓ All subjects have eyes open.

Problems
No major problems detected.

Suggestions
No recommendations.

Verdict: Fair


========== END OF SIMPLIFIED REPORT ==========


======== SUMMARY ===========
• The image has good overall technical quality.
• The image lacks sufficient sharpness.
• Exposure is well balanced.
• Noise is well controlled.
• All detected subjects have their eyes open.

===== fra-720.jpg =====
Image dimensions: (2499, 4000)

Overall Score: 92/100

===== Assessment Report =====

General
• Faces detected: 3.
• Both eyes open: 3 / 3.
• Sharpness: Good.
• Contrast: Good.
• Lighting: Balanced.
• Colours: natural.
• White Balance: natural.

Strengths
✓ Good contrast.
✓ Balanced lighting.
✓ Natural colours.
✓ Balanced temperature.
✓ All subjects have eyes open.

Problems
No major problems detected.

Suggestions
No recommendations.

Verdict: Excellent


========== END OF SIMPLIFIED REPORT ==========


======== SUMMARY ===========
• The image is technically strong.
• The image appears sharp.
• Exposure is well balanced.
• Noise is well controlled.
• All detected subjects have their eyes open.

===== fra-728.jpg =====
Image dimensions: (2500, 4000)

Overall Score: 98/100

===== Assessment Report =====

General
• Faces detected: 2.
• Both eyes open: 2 / 2.
• Sharpness: Excellent.
• Contrast: Excellent.
• Lighting: Balanced.
• Colours: natural.
• White Balance: warm.

Strengths
✓ Excellent sharpness.
✓ Excellent contrast.
✓ Balanced lighting.
✓ Natural colours.
✓ All subjects have eyes open.

Problems
No major problems detected.

Suggestions
No recommendations.

Verdict: Excellent


========== END OF SIMPLIFIED REPORT ==========


======== SUMMARY ===========
• The image is technically strong.
• Details are crisp and well defined.
• Exposure is well balanced.
• Noise is well controlled.
• All detected subjects have their eyes open.

===== fra-731.jpg =====
Image dimensions: (5421, 3614)

Overall Score: 83/100

===== Assessment Report =====

General
• Faces detected: 1.
• Both eyes open: 1 / 1.
• Sharpness: Excellent.
• Contrast: Fair.
• Lighting: Balanced.
• Colours: vivid.
• White Balance: warm.

Strengths
✓ Excellent sharpness.
✓ Balanced lighting.
✓ All subjects have eyes open.

Problems
⚠ High image noise detected.
⚠ Low contrast detected.

Suggestions
• Use a lower ISO or increase available light.
• Increase scene lighting or photograph under better lighting conditions.

Verdict: Good


========== END OF SIMPLIFIED REPORT ==========


======== SUMMARY ===========
• The image has acceptable technical quality.
• Details are crisp and well defined.
• Exposure is well balanced.
• Noticeable image noise reduces image quality.
• All detected subjects have their eyes open.

===== fra-734.jpg =====
Image dimensions: (5763, 3842)

Overall Score: 98/100

===== Assessment Report =====

General
• Faces detected: 4.
• Both eyes open: 4 / 4.
• Sharpness: Excellent.
• Contrast: Excellent.
• Lighting: Balanced.
• Colours: natural.
• White Balance: natural.

Strengths
✓ Excellent sharpness.
✓ Excellent contrast.
✓ Balanced lighting.
✓ Natural colours.
✓ Balanced temperature.
✓ All subjects have eyes open.

Problems
No major problems detected.

Suggestions
No recommendations.

Verdict: Excellent


========== END OF SIMPLIFIED REPORT ==========


======== SUMMARY ===========
• The image is technically strong.
• Details are crisp and well defined.
• Exposure is well balanced.
• Noise is well controlled.
• All detected subjects have their eyes open.

===== fra-761.jpg =====
Image dimensions: (3211, 2141)

Overall Score: 74/100

===== Assessment Report =====

General
• Faces detected: 7.
• Both eyes open: 6 / 7.
• One eye closed: 1/7.
• Sharpness: Poor.
• Contrast: Good.
• Lighting: Too Dark.
• Colours: natural.
• White Balance: cool.

Strengths
✓ Good contrast.
✓ Natural colours.

Problems
⚠ Low brightness detected.
⚠ 1/7 subjects have 1 eye closed.

Suggestions
• Use a higher aperture or increase available light.
• Capture another frame with all subjects' eyes open

Verdict: Fair


========== END OF SIMPLIFIED REPORT ==========


======== SUMMARY ===========
• The image has acceptable technical quality.
• The image lacks sufficient sharpness.
• Exposure is usable but could be improved.
• Noise is well controlled.
• 1 subject(s) have closed eyes/eyes that cannot be detected/eye analysis skipped.

===== fre-2.jpg =====
Image dimensions: (2499, 4000)

Overall Score: 92/100

===== Assessment Report =====

General
• Faces detected: 7.
• Both eyes open: 4 / 7.
• Both eyes closed: 1/7.
• Eye state undecided (needs review): 2/7.
• Sharpness: Good.
• Contrast: Good.
• Lighting: Balanced.
• Colours: natural.
• White Balance: warm.

Strengths
✓ Good contrast.
✓ Balanced lighting.
✓ Natural colours.

Problems
⚠ 1 subject(s) have both closed eyes.
⚠ 2/7 eyes not able to be detected.

Suggestions
• Capture another frame with all subjects' eyes open
• Capture another frame with all subjects' eyes visible and clear.

Verdict: Excellent


========== END OF SIMPLIFIED REPORT ==========


======== SUMMARY ===========
• The image is technically strong.
• The image appears sharp.
• Exposure is well balanced.
• Noise is well controlled.
• 1 subject(s) have closed eyes/eyes that cannot be detected/eye analysis skipped.

===== fre-3.jpg =====
Image dimensions: (2500, 3999)

Overall Score: 94/100

===== Assessment Report =====

General
• Faces detected: 7.
• Both eyes open: 5 / 7.
• Eye state undecided (needs review): 2/7.
• Sharpness: Good.
• Contrast: Excellent.
• Lighting: Balanced.
• Colours: natural.
• White Balance: warm.

Strengths
✓ Excellent contrast.
✓ Balanced lighting.
✓ Natural colours.

Problems
⚠ 2/7 eyes not able to be detected.

Suggestions
• Capture another frame with all subjects' eyes visible and clear.

Verdict: Excellent


========== END OF SIMPLIFIED REPORT ==========


======== SUMMARY ===========
• The image is technically strong.
• The image appears sharp.
• Exposure is well balanced.
• Noise is well controlled.
• 0 subject(s) have closed eyes/eyes that cannot be detected/eye analysis skipped.

===== fre-4.jpg =====
Image dimensions: (5105, 3403)

Overall Score: 88/100

===== Assessment Report =====

General
• Faces detected: 1.
• Both eyes open: 0 / 1.
• One eye closed: 1/1.
• Sharpness: Excellent.
• Contrast: Poor.
• Lighting: Balanced.
• Colours: natural.
• White Balance: natural.

Strengths
✓ Excellent sharpness.
✓ Balanced lighting.
✓ Natural colours.
✓ Balanced temperature.

Problems
⚠ Low contrast detected.
⚠ 1/1 subjects have 1 eye closed.

Suggestions
• Increase scene lighting or photograph under better lighting conditions.
• Capture another frame with all subjects' eyes open

Verdict: Good


========== END OF SIMPLIFIED REPORT ==========


======== SUMMARY ===========
• The image has good overall technical quality.
• Details are crisp and well defined.
• Exposure is well balanced.
• Noise is well controlled.
• 1 subject(s) have closed eyes/eyes that cannot be detected/eye analysis skipped.

===== fre-5.jpg =====
Image dimensions: (5754, 3836)

Overall Score: 96/100

===== Assessment Report =====

General
• Faces detected: 1.
• Both eyes open: 1 / 1.
• Sharpness: Excellent.
• Contrast: Good.
• Lighting: Balanced.
• Colours: natural.
• White Balance: natural.

Strengths
✓ Excellent sharpness.
✓ Good contrast.
✓ Balanced lighting.
✓ Natural colours.
✓ Balanced temperature.
✓ All subjects have eyes open.

Problems
No major problems detected.

Suggestions
No recommendations.

Verdict: Excellent


========== END OF SIMPLIFIED REPORT ==========


======== SUMMARY ===========
• The image is technically strong.
• Details are crisp and well defined.
• Exposure is well balanced.
• Noise is well controlled.
• All detected subjects have their eyes open.

===== fre-6.jpg =====
Image dimensions: (5298, 3532)

Overall Score: 93/100

===== Assessment Report =====

General
• Faces detected: 1.
• Both eyes open: 1 / 1.
• Sharpness: Excellent.
• Contrast: Fair.
• Lighting: Balanced.
• Colours: vivid.
• White Balance: warm.

Strengths
✓ Excellent sharpness.
✓ Balanced lighting.
✓ All subjects have eyes open.

Problems
⚠ Low contrast detected.

Suggestions
• Increase scene lighting or photograph under better lighting conditions.

Verdict: Excellent


========== END OF SIMPLIFIED REPORT ==========


======== SUMMARY ===========
• The image has good overall technical quality.
• Details are crisp and well defined.
• Exposure is well balanced.
• Noise is well controlled.
• All detected subjects have their eyes open.

===== fre-7.jpg =====
Image dimensions: (5009, 3339)

Overall Score: 68/100

===== Assessment Report =====

General
• Faces detected: 1.
• Both eyes open: 1 / 1.
• Sharpness: Poor.
• Contrast: Poor.
• Lighting: Balanced.
• Colours: natural.
• White Balance: warm.

Strengths
✓ Balanced lighting.
✓ Natural colours.
✓ All subjects have eyes open.

Problems
⚠ Low contrast detected.

Suggestions
• Increase scene lighting or photograph under better lighting conditions.

Verdict: Fair


========== END OF SIMPLIFIED REPORT ==========


======== SUMMARY ===========
• The image has acceptable technical quality.
• The image lacks sufficient sharpness.
• Exposure is well balanced.
• Noise is well controlled.
• All detected subjects have their eyes open.

===== fre-8.jpg =====
Image dimensions: (5350, 3567)

Overall Score: 68/100

===== Assessment Report =====

General
• Faces detected: 1.
• Both eyes open: 1 / 1.
• Sharpness: Poor.
• Contrast: Poor.
• Lighting: Balanced.
• Colours: low.
• White Balance: natural.

Strengths
✓ Balanced lighting.
✓ Balanced temperature.
✓ All subjects have eyes open.

Problems
⚠ Low contrast detected.

Suggestions
• Increase scene lighting or photograph under better lighting conditions.

Verdict: Fair


========== END OF SIMPLIFIED REPORT ==========


======== SUMMARY ===========
• The image has acceptable technical quality.
• The image lacks sufficient sharpness.
• Exposure is well balanced.
• Noise is well controlled.
• All detected subjects have their eyes open.

===== fre.jpg =====
Image dimensions: (2500, 4000)

Overall Score: 94/100

===== Assessment Report =====

General
• Faces detected: 10.
• Both eyes open: 9 / 10.
• Eye state undecided (needs review): 1/10.
• Sharpness: Good.
• Contrast: Excellent.
• Lighting: Balanced.
• Colours: natural.
• White Balance: natural.

Strengths
✓ Excellent contrast.
✓ Balanced lighting.
✓ Natural colours.
✓ Balanced temperature.

Problems
⚠ 1/10 eyes not able to be detected.

Suggestions
• Capture another frame with all subjects' eyes visible and clear.

Verdict: Excellent


========== END OF SIMPLIFIED REPORT ==========


======== SUMMARY ===========
• The image is technically strong.
• The image appears sharp.
• Exposure is well balanced.
• Noise is well controlled.
• 0 subject(s) have closed eyes/eyes that cannot be detected/eye analysis skipped.


===== gbtb-2.jpg =====
Image dimensions: (3490, 3456)

Overall Score: 94/100

===== Assessment Report =====

General
• Faces detected: 0.
• Both eyes open: 0 / 0.
• Sharpness: Excellent.
• Contrast: Excellent.
• Lighting: Balanced.
• Colours: natural.
• White Balance: natural.

Strengths
✓ Excellent sharpness.
✓ Excellent contrast.
✓ Balanced lighting.
✓ Natural colours.
✓ Balanced temperature.

Problems
⚠ High image noise detected.

Suggestions
• Use a lower ISO or increase available light.

Verdict: Excellent


========== END OF SIMPLIFIED REPORT ==========


======== SUMMARY ===========
• The image has good overall technical quality.
• Details are crisp and well defined.
• Exposure is well balanced.
• Some visible image noise is present.
• No people were detected in the scene.


===== gbtb.jpg =====
Image dimensions: (3490, 3456)

Overall Score: 88/100

===== Assessment Report =====

General
• Faces detected: 0.
• Both eyes open: 0 / 0.
• Sharpness: Excellent.
• Contrast: Excellent.
• Lighting: Balanced.
• Colours: natural.
• White Balance: natural.

Strengths
✓ Excellent sharpness.
✓ Excellent contrast.
✓ Balanced lighting.
✓ Natural colours.
✓ Balanced temperature.

Problems
⚠ High image noise detected.

Suggestions
• Use a lower ISO or increase available light.

Verdict: Good


========== END OF SIMPLIFIED REPORT ==========


======== SUMMARY ===========
• The image has good overall technical quality.
• Details are crisp and well defined.
• Exposure is well balanced.
• Noticeable image noise reduces image quality.
• No people were detected in the scene.

===== group-6.jpg =====
Image dimensions: (2499, 4000)

Overall Score: 94/100

===== Assessment Report =====

General
• Faces detected: 7.
• Both eyes open: 6 / 7.
• Eye state undecided (needs review): 1/7.
• Sharpness: Good.
• Contrast: Excellent.
• Lighting: Balanced.
• Colours: natural.
• White Balance: warm.

Strengths
✓ Excellent contrast.
✓ Balanced lighting.
✓ Natural colours.

Problems
⚠ 1/7 eyes not able to be detected.

Suggestions
• Capture another frame with all subjects' eyes visible and clear.

Verdict: Excellent


========== END OF SIMPLIFIED REPORT ==========


======== SUMMARY ===========
• The image is technically strong.
• The image appears sharp.
• Exposure is well balanced.
• Noise is well controlled.
• 0 subject(s) have closed eyes/eyes that cannot be detected/eye analysis skipped.

===== group-8.jpg =====
Image dimensions: (2500, 4000)

Overall Score: 94/100

===== Assessment Report =====

General
• Faces detected: 10.
• Both eyes open: 9 / 10.
• Both eyes closed: 1/10.
• Sharpness: Good.
• Contrast: Excellent.
• Lighting: Balanced.
• Colours: natural.
• White Balance: warm.

Strengths
✓ Excellent contrast.
✓ Balanced lighting.
✓ Natural colours.

Problems
⚠ 1 subject(s) have both closed eyes.

Suggestions
• Capture another frame with all subjects' eyes open

Verdict: Excellent


========== END OF SIMPLIFIED REPORT ==========


======== SUMMARY ===========
• The image is technically strong.
• The image appears sharp.
• Exposure is well balanced.
• Noise is well controlled.
• 1 subject(s) have closed eyes/eyes that cannot be detected/eye analysis skipped.

===== group.jpg =====
Image dimensions: (2666, 4000)

Overall Score: 92/100

===== Assessment Report =====

General
• Faces detected: 10.
• Both eyes open: 9 / 10.
• Both eyes closed: 1/10.
• Sharpness: Good.
• Contrast: Good.
• Lighting: Balanced.
• Colours: natural.
• White Balance: warm.

Strengths
✓ Good contrast.
✓ Balanced lighting.
✓ Natural colours.

Problems
⚠ 1 subject(s) have both closed eyes.

Suggestions
• Capture another frame with all subjects' eyes open

Verdict: Excellent


========== END OF SIMPLIFIED REPORT ==========


======== SUMMARY ===========
• The image is technically strong.
• The image appears sharp.
• Exposure is well balanced.
• Noise is well controlled.
• 1 subject(s) have closed eyes/eyes that cannot be detected/eye analysis skipped.


===== grp.jpg =====
Image dimensions: (2284, 4000)

Overall Score: 66/100

===== Assessment Report =====

General
• Faces detected: 0.
• Both eyes open: 0 / 0.
• Sharpness: Poor.
• Contrast: Poor.
• Lighting: Balanced.
• Colours: low.
• White Balance: warm.

Strengths
✓ Balanced lighting.

Problems
⚠ Low brightness detected.
⚠ Low contrast detected.

Suggestions
• Use a higher aperture or increase available light.
• Increase scene lighting or photograph under better lighting conditions.

Verdict: Fair


========== END OF SIMPLIFIED REPORT ==========


======== SUMMARY ===========
• The image has several technical quality issues.
• The image lacks sufficient sharpness.
• Exposure is usable but could be improved.
• Noise is well controlled.
• No people were detected in the scene.


===== Image-2.jpg =====
Image dimensions: (1598, 1416)

Overall Score: 82/100

===== Assessment Report =====

General
• Faces detected: 0.
• Both eyes open: 0 / 0.
• Sharpness: Excellent.
• Contrast: Excellent.
• Lighting: Balanced.
• Colours: natural.
• White Balance: natural.

Strengths
✓ Excellent sharpness.
✓ Excellent contrast.
✓ Balanced lighting.
✓ Natural colours.
✓ Balanced temperature.

Problems
⚠ High image noise detected.
⚠ Low brightness detected.

Suggestions
• Use a lower ISO or increase available light.
• Use a higher aperture or increase available light.

Verdict: Good


========== END OF SIMPLIFIED REPORT ==========


======== SUMMARY ===========
• The image has acceptable technical quality.
• Details are crisp and well defined.
• Exposure is usable but could be improved.
• Noticeable image noise reduces image quality.
• No people were detected in the scene.


===== IMG-20260503-WA0011.jpg =====
Image dimensions: (2048, 1365)

Overall Score: 84/100

===== Assessment Report =====

General
• Faces detected: 0.
• Both eyes open: 0 / 0.
• Sharpness: Excellent.
• Contrast: Fair.
• Lighting: Too Dark.
• Colours: vivid.
• White Balance: cool.

Strengths
✓ Excellent sharpness.

Problems
⚠ High image noise detected.
⚠ Low brightness detected.
⚠ Low contrast detected.

Suggestions
• Use a lower ISO or increase available light.
• Use a higher aperture or increase available light.
• Increase scene lighting or photograph under better lighting conditions.

Verdict: Good


========== END OF SIMPLIFIED REPORT ==========


======== SUMMARY ===========
• The image has several technical quality issues.
• Details are crisp and well defined.
• Exposure is usable but could be improved.
• Some visible image noise is present.
• No people were detected in the scene.


===== IMG-20260503-WA0019.jpg =====
Image dimensions: (1365, 2048)

Overall Score: 81/100

===== Assessment Report =====

General
• Faces detected: 0.
• Both eyes open: 0 / 0.
• Sharpness: Excellent.
• Contrast: Good.
• Lighting: Too Dark.
• Colours: vivid.
• White Balance: warm.

Strengths
✓ Excellent sharpness.
✓ Good contrast.

Problems
⚠ High image noise detected.
⚠ Low brightness detected.

Suggestions
• Use a lower ISO or increase available light.
• Use a higher aperture or increase available light.

Verdict: Good


========== END OF SIMPLIFIED REPORT ==========


======== SUMMARY ===========
• The image has acceptable technical quality.
• Details are crisp and well defined.
• Exposure is usable but could be improved.
• Noticeable image noise reduces image quality.
• No people were detected in the scene.

===== IMG-20260627-WA0023.jpg =====
Image dimensions: (1066, 1600)

Overall Score: 84/100

===== Assessment Report =====

General
• Faces detected: 2.
• Both eyes open: 0 / 2.
• Both eyes closed: 2/2.
• Sharpness: Excellent.
• Contrast: Fair.
• Lighting: Too Dark.
• Colours: natural.
• White Balance: natural.

Strengths
✓ Excellent sharpness.
✓ Natural colours.
✓ Balanced temperature.

Problems
⚠ High image noise detected.
⚠ Low brightness detected.
⚠ Low contrast detected.
⚠ 2 subject(s) have both closed eyes.

Suggestions
• Use a lower ISO or increase available light.
• Use a higher aperture or increase available light.
• Increase scene lighting or photograph under better lighting conditions.
• Capture another frame with all subjects' eyes open

Verdict: Good


========== END OF SIMPLIFIED REPORT ==========


======== SUMMARY ===========
• The image has several technical quality issues.
• Details are crisp and well defined.
• Exposure is usable but could be improved.
• Some visible image noise is present.
• 2 subject(s) have closed eyes/eyes that cannot be detected/eye analysis skipped.


===== IMG_20210625_100628.jpg =====
Image dimensions: (4000, 3000)

Overall Score: 59/100

===== Assessment Report =====

General
• Faces detected: 0.
• Both eyes open: 0 / 0.
• Sharpness: Very Poor.
• Contrast: Fair.
• Lighting: Too Dark.
• Colours: vivid.
• White Balance: natural.

Strengths
✓ Balanced temperature.

Problems
⚠ Low brightness detected.
⚠ Low contrast detected.

Suggestions
• Use a higher aperture or increase available light.
• Increase scene lighting or photograph under better lighting conditions.

Verdict: Poor


========== END OF SIMPLIFIED REPORT ==========


======== SUMMARY ===========
• The image has several technical quality issues.
• The image lacks sufficient sharpness.
• Exposure is usable but could be improved.
• Noise is well controlled.
• No people were detected in the scene.


===== IMG_20221206_155036.jpg =====
Image dimensions: (4000, 3000)

Overall Score: 90/100

===== Assessment Report =====

General
• Faces detected: 0.
• Both eyes open: 0 / 0.
• Sharpness: Excellent.
• Contrast: Excellent.
• Lighting: Balanced.
• Colours: vivid.
• White Balance: cool.

Strengths
✓ Excellent sharpness.
✓ Excellent contrast.
✓ Balanced lighting.

Problems
⚠ High image noise detected.

Suggestions
• Use a lower ISO or increase available light.

Verdict: Excellent


========== END OF SIMPLIFIED REPORT ==========


======== SUMMARY ===========
• The image has good overall technical quality.
• Details are crisp and well defined.
• Exposure is generally well balanced.
• Some visible image noise is present.
• No people were detected in the scene.


===== IMG_20230527_191538.jpg =====
Image dimensions: (2732, 3713)

Overall Score: 88/100

===== Assessment Report =====

General
• Faces detected: 0.
• Both eyes open: 0 / 0.
• Sharpness: Excellent.
• Contrast: Fair.
• Lighting: Too Dark.
• Colours: natural.
• White Balance: warm.

Strengths
✓ Excellent sharpness.
✓ Natural colours.

Problems
⚠ Low brightness detected.
⚠ Low contrast detected.

Suggestions
• Use a higher aperture or increase available light.
• Increase scene lighting or photograph under better lighting conditions.

Verdict: Good


========== END OF SIMPLIFIED REPORT ==========


======== SUMMARY ===========
• The image has acceptable technical quality.
• Details are crisp and well defined.
• Exposure is usable but could be improved.
• Noise is well controlled.
• No people were detected in the scene.

===== IMG_20260630_161327.jpg =====
Image dimensions: (1965, 1474)

Overall Score: 96/100

===== Assessment Report =====

General
• Faces detected: 2.
• Both eyes open: 1 / 2.
• Both eyes closed: 1/2.
• Sharpness: Excellent.
• Contrast: Good.
• Lighting: Balanced.
• Colours: natural.
• White Balance: natural.

Strengths
✓ Excellent sharpness.
✓ Good contrast.
✓ Balanced lighting.
✓ Natural colours.
✓ Balanced temperature.

Problems
⚠ 1 subject(s) have both closed eyes.

Suggestions
• Capture another frame with all subjects' eyes open

Verdict: Excellent


========== END OF SIMPLIFIED REPORT ==========


======== SUMMARY ===========
• The image is technically strong.
• Details are crisp and well defined.
• Exposure is well balanced.
• Noise is well controlled.
• 1 subject(s) have closed eyes/eyes that cannot be detected/eye analysis skipped.

===== IMG_20260729_150153.jpg =====
Image dimensions: (1882, 1411)

Overall Score: 93/100

===== Assessment Report =====

General
• Faces detected: 2.
• Both eyes open: 2 / 2.
• Sharpness: Excellent.
• Contrast: Fair.
• Lighting: Balanced.
• Colours: natural.
• White Balance: warm.

Strengths
✓ Excellent sharpness.
✓ Balanced lighting.
✓ Natural colours.
✓ All subjects have eyes open.

Problems
⚠ Low contrast detected.

Suggestions
• Increase scene lighting or photograph under better lighting conditions.

Verdict: Excellent


========== END OF SIMPLIFIED REPORT ==========


======== SUMMARY ===========
• The image has good overall technical quality.
• Details are crisp and well defined.
• Exposure is well balanced.
• Noise is well controlled.
• All detected subjects have their eyes open.

===== IMG_20260731_192240.jpg =====
Image dimensions: (1334, 1778)

Overall Score: 96/100

===== Assessment Report =====

General
• Faces detected: 2.
• Both eyes open: 2 / 2.
• Sharpness: Excellent.
• Contrast: Good.
• Lighting: Balanced.
• Colours: natural.
• White Balance: warm.

Strengths
✓ Excellent sharpness.
✓ Good contrast.
✓ Balanced lighting.
✓ Natural colours.
✓ All subjects have eyes open.

Problems
No major problems detected.

Suggestions
No recommendations.

Verdict: Excellent


========== END OF SIMPLIFIED REPORT ==========


======== SUMMARY ===========
• The image is technically strong.
• Details are crisp and well defined.
• Exposure is well balanced.
• Noise is well controlled.
• All detected subjects have their eyes open.

===== IMG_20260803_152852.jpg =====
Image dimensions: (2114, 1586)

Overall Score: 96/100

===== Assessment Report =====

General
• Faces detected: 1.
• Both eyes open: 0 / 1.
• One eye closed: 1/1.
• Sharpness: Excellent.
• Contrast: Good.
• Lighting: Balanced.
• Colours: natural.
• White Balance: natural.

Strengths
✓ Excellent sharpness.
✓ Good contrast.
✓ Balanced lighting.
✓ Natural colours.
✓ Balanced temperature.

Problems
⚠ 1/1 subjects have 1 eye closed.

Suggestions
• Capture another frame with all subjects' eyes open

Verdict: Excellent


========== END OF SIMPLIFIED REPORT ==========


======== SUMMARY ===========
• The image is technically strong.
• Details are crisp and well defined.
• Exposure is well balanced.
• Noise is well controlled.
• 1 subject(s) have closed eyes/eyes that cannot be detected/eye analysis skipped.

===== IMG_20260803_152855.jpg =====
Image dimensions: (2106, 1580)

Overall Score: 96/100

===== Assessment Report =====

General
• Faces detected: 1.
• Both eyes open: 0 / 1.
• One eye closed: 1/1.
• Sharpness: Excellent.
• Contrast: Good.
• Lighting: Balanced.
• Colours: natural.
• White Balance: natural.

Strengths
✓ Excellent sharpness.
✓ Good contrast.
✓ Balanced lighting.
✓ Natural colours.
✓ Balanced temperature.

Problems
⚠ 1/1 subjects have 1 eye closed.

Suggestions
• Capture another frame with all subjects' eyes open

Verdict: Excellent


========== END OF SIMPLIFIED REPORT ==========


======== SUMMARY ===========
• The image is technically strong.
• Details are crisp and well defined.
• Exposure is well balanced.
• Noise is well controlled.
• 1 subject(s) have closed eyes/eyes that cannot be detected/eye analysis skipped.


===== istockphoto-1181762240-170667a.jpg =====
Image dimensions: (339, 509)

Overall Score: 86/100

===== Assessment Report =====

General
• Faces detected: 0.
• Both eyes open: 0 / 0.
• Sharpness: Excellent.
• Contrast: Good.
• Lighting: Balanced.
• Colours: natural.
• White Balance: cool.

Strengths
✓ Excellent sharpness.
✓ Good contrast.
✓ Balanced lighting.
✓ Natural colours.

Problems
⚠ High image noise detected.

Suggestions
• Use a lower ISO or increase available light.

Verdict: Good


========== END OF SIMPLIFIED REPORT ==========


======== SUMMARY ===========
• The image has good overall technical quality.
• Details are crisp and well defined.
• Exposure is well balanced.
• Noticeable image noise reduces image quality.
• No people were detected in the scene.


===== istockphoto-484323243-612x612.jpg =====
Image dimensions: (459, 612)

Overall Score: 80/100

===== Assessment Report =====

General
• Faces detected: 0.
• Both eyes open: 0 / 0.
• Sharpness: Excellent.
• Contrast: Excellent.
• Lighting: Balanced.
• Colours: vivid.
• White Balance: warm.

Strengths
✓ Excellent sharpness.
✓ Excellent contrast.
✓ Balanced lighting.

Problems
⚠ High image noise detected.

Suggestions
• Use a lower ISO or increase available light.

Verdict: Good


========== END OF SIMPLIFIED REPORT ==========


======== SUMMARY ===========
• The image has good overall technical quality.
• Details are crisp and well defined.
• Exposure is well balanced.
• Noticeable image noise reduces image quality.
• No people were detected in the scene.

===== istockphoto-508088464-612x612.jpg =====
